<?xml version="1.0" encoding="UTF-8"?>
<testng-results ignored="0" total="11" passed="11" failed="0" skipped="0">
  <reporter-output>
  </reporter-output>
  <suite started-at="2024-06-20T19:42:32 IST" name="TestNG Parameters Suite" finished-at="2024-06-20T19:48:53 IST" duration-ms="381094">
    <groups>
      <group name="Regression_Test">
        <method signature="QKART_Tests.TestCase04()[pri:4, instance:QKART_TESTNG.QKART_Tests@1dddb369]" name="TestCase04" class="QKART_TESTNG.QKART_Tests"/>
        <method signature="QKART_Tests.TestCase06(java.lang.String,java.lang.String)[pri:6, instance:QKART_TESTNG.QKART_Tests@1dddb369]" name="TestCase06" class="QKART_TESTNG.QKART_Tests"/>
        <method signature="QKART_Tests.TestCase08()[pri:8, instance:QKART_TESTNG.QKART_Tests@1dddb369]" name="TestCase08" class="QKART_TESTNG.QKART_Tests"/>
        <method signature="QKART_Tests.TestCase09()[pri:9, instance:QKART_TESTNG.QKART_Tests@1dddb369]" name="TestCase09" class="QKART_TESTNG.QKART_Tests"/>
        <method signature="QKART_Tests.TestCase10()[pri:10, instance:QKART_TESTNG.QKART_Tests@1dddb369]" name="TestCase10" class="QKART_TESTNG.QKART_Tests"/>
      </group> <!-- Regression_Test -->
      <group name="Sanity_test">
        <method signature="QKART_Tests.TestCase01()[pri:1, instance:QKART_TESTNG.QKART_Tests@1dddb369]" name="TestCase01" class="QKART_TESTNG.QKART_Tests"/>
        <method signature="QKART_Tests.TestCase02()[pri:2, instance:QKART_TESTNG.QKART_Tests@1dddb369]" name="TestCase02" class="QKART_TESTNG.QKART_Tests"/>
        <method signature="QKART_Tests.TestCase03()[pri:3, instance:QKART_TESTNG.QKART_Tests@1dddb369]" name="TestCase03" class="QKART_TESTNG.QKART_Tests"/>
        <method signature="QKART_Tests.TestCase05(java.lang.String,java.lang.String)[pri:5, instance:QKART_TESTNG.QKART_Tests@1dddb369]" name="TestCase05" class="QKART_TESTNG.QKART_Tests"/>
        <method signature="QKART_Tests.TestCase07(java.lang.String)[pri:7, instance:QKART_TESTNG.QKART_Tests@1dddb369]" name="TestCase07" class="QKART_TESTNG.QKART_Tests"/>
        <method signature="QKART_Tests.TestCase11()[pri:11, instance:QKART_TESTNG.QKART_Tests@1dddb369]" name="TestCase11" class="QKART_TESTNG.QKART_Tests"/>
      </group> <!-- Sanity_test -->
    </groups>
    <test started-at="2024-06-20T19:42:32 IST" name="Qkart Application with TestNG TestCases" finished-at="2024-06-20T19:48:53 IST" duration-ms="381094">
      <class name="QKART_TESTNG.QKART_Tests">
        <test-method is-config="true" signature="createDriver()[pri:0, instance:QKART_TESTNG.QKART_Tests@1dddb369]" started-at="2024-06-20T19:42:30 IST" name="createDriver" finished-at="2024-06-20T19:42:32 IST" duration-ms="2461" status="PASS">
          <reporter-output>
          </reporter-output>
        </test-method> <!-- createDriver -->
        <test-method signature="TestCase01()[pri:1, instance:QKART_TESTNG.QKART_Tests@1dddb369]" started-at="2024-06-20T19:42:32 IST" name="TestCase01" description="Verify registration happens correctly" finished-at="2024-06-20T19:42:44 IST" duration-ms="11816" status="PASS">
          <reporter-output>
          </reporter-output>
        </test-method> <!-- TestCase01 -->
        <test-method signature="TestCase02()[pri:2, instance:QKART_TESTNG.QKART_Tests@1dddb369]" started-at="2024-06-20T19:42:44 IST" name="TestCase02" description="Verify re-registering an already registered user fails" finished-at="2024-06-20T19:43:19 IST" duration-ms="35045" status="PASS">
          <reporter-output>
          </reporter-output>
        </test-method> <!-- TestCase02 -->
        <test-method signature="TestCase03()[pri:3, instance:QKART_TESTNG.QKART_Tests@1dddb369]" started-at="2024-06-20T19:43:19 IST" name="TestCase03" description="Verify the functionality of search text box" finished-at="2024-06-20T19:44:24 IST" duration-ms="65066" status="PASS">
          <reporter-output>
          </reporter-output>
        </test-method> <!-- TestCase03 -->
        <test-method signature="TestCase04()[pri:4, instance:QKART_TESTNG.QKART_Tests@1dddb369]" started-at="2024-06-20T19:44:24 IST" name="TestCase04" description="Verify the existence of size chart for certain items and validate contents of size chart" finished-at="2024-06-20T19:45:44 IST" duration-ms="79738" status="PASS">
          <reporter-output>
          </reporter-output>
        </test-method> <!-- TestCase04 -->
        <test-method signature="TestCase05(java.lang.String,java.lang.String)[pri:5, instance:QKART_TESTNG.QKART_Tests@1dddb369]" started-at="2024-06-20T19:45:44 IST" name="TestCase05" description="Verify that a new user can add multiple products in to the cart and Checkout" finished-at="2024-06-20T19:46:07 IST" duration-ms="23241" status="PASS">
          <params>
            <param index="0">
              <value>
                <![CDATA[YONEX Smash Badminton Racquet]]>
              </value>
            </param>
            <param index="1">
              <value>
                <![CDATA[Tan Leatherette Weekender Duffle]]>
              </value>
            </param>
          </params>
          <reporter-output>
          </reporter-output>
        </test-method> <!-- TestCase05 -->
        <test-method signature="TestCase06(java.lang.String,java.lang.String)[pri:6, instance:QKART_TESTNG.QKART_Tests@1dddb369]" started-at="2024-06-20T19:46:07 IST" name="TestCase06" description="Verify that the contents of the cart can be edited" finished-at="2024-06-20T19:46:41 IST" duration-ms="33714" status="PASS">
          <params>
            <param index="0">
              <value>
                <![CDATA[Xtend Smart Watch]]>
              </value>
            </param>
            <param index="1">
              <value>
                <![CDATA[Yarine Floor Lamp]]>
              </value>
            </param>
          </params>
          <reporter-output>
          </reporter-output>
        </test-method> <!-- TestCase06 -->
        <test-method signature="TestCase07(java.lang.String)[pri:7, instance:QKART_TESTNG.QKART_Tests@1dddb369]" started-at="2024-06-20T19:46:41 IST" name="TestCase07" description="Verify that insufficient balance error is thrown when the wallet balance is not enough" finished-at="2024-06-20T19:47:59 IST" duration-ms="77922" status="PASS">
          <params>
            <param index="0">
              <value>
                <![CDATA[Stylecon 9 Seater RHS Sofa Set]]>
              </value>
            </param>
          </params>
          <reporter-output>
          </reporter-output>
        </test-method> <!-- TestCase07 -->
        <test-method signature="TestCase08()[pri:8, instance:QKART_TESTNG.QKART_Tests@1dddb369]" started-at="2024-06-20T19:47:59 IST" name="TestCase08" description="Verify that a product added to a cart is available when a new tab is added" finished-at="2024-06-20T19:48:15 IST" duration-ms="16425" status="PASS">
          <reporter-output>
          </reporter-output>
        </test-method> <!-- TestCase08 -->
        <test-method signature="TestCase09()[pri:9, instance:QKART_TESTNG.QKART_Tests@1dddb369]" started-at="2024-06-20T19:48:15 IST" name="TestCase09" description="Verify that privacy policy and about us links are working fine" finished-at="2024-06-20T19:48:25 IST" duration-ms="9815" status="PASS">
          <reporter-output>
          </reporter-output>
        </test-method> <!-- TestCase09 -->
        <test-method signature="TestCase10()[pri:10, instance:QKART_TESTNG.QKART_Tests@1dddb369]" started-at="2024-06-20T19:48:25 IST" name="TestCase10" description="Verify that the contact us dialog works fine" finished-at="2024-06-20T19:48:27 IST" duration-ms="2526" status="PASS">
          <reporter-output>
          </reporter-output>
        </test-method> <!-- TestCase10 -->
        <test-method signature="TestCase11()[pri:11, instance:QKART_TESTNG.QKART_Tests@1dddb369]" started-at="2024-06-20T19:48:27 IST" name="TestCase11" description="Ensure that the Advertisement Links on the QKART page are clickable" finished-at="2024-06-20T19:48:53 IST" duration-ms="25668" status="PASS">
          <reporter-output>
          </reporter-output>
        </test-method> <!-- TestCase11 -->
      </class> <!-- QKART_TESTNG.QKART_Tests -->
    </test> <!-- Qkart Application with TestNG TestCases -->
  </suite> <!-- TestNG Parameters Suite -->
</testng-results>
